mode: set
github.com/masterkusok/dns-tunnel-detector/detector.go:65.38,69.2 1 1
github.com/masterkusok/dns-tunnel-detector/detector.go:72.90,74.2 1 1
github.com/masterkusok/dns-tunnel-detector/detector.go:84.95,96.27 6 1
github.com/masterkusok/dns-tunnel-detector/detector.go:96.27,97.16 1 1
github.com/masterkusok/dns-tunnel-detector/detector.go:97.16,103.4 2 1
github.com/masterkusok/dns-tunnel-detector/detector.go:106.2,106.12 1 1
github.com/masterkusok/dns-tunnel-detector/detector.go:106.12,109.3 2 1
github.com/masterkusok/dns-tunnel-detector/detector.go:111.2,111.25 1 1
github.com/masterkusok/dns-tunnel-detector/detector.go:111.25,112.47 1 1
github.com/masterkusok/dns-tunnel-detector/detector.go:112.47,114.20 2 1
github.com/masterkusok/dns-tunnel-detector/detector.go:114.20,116.5 1 1
github.com/masterkusok/dns-tunnel-detector/detector.go:116.10,118.5 1 1
github.com/masterkusok/dns-tunnel-detector/detector.go:120.4,120.66 1 1
github.com/masterkusok/dns-tunnel-detector/detector.go:124.2,126.8 1 1
github.com/masterkusok/dns-tunnel-detector/job/heuristic/entropy.go:20.49,24.2 1 1
github.com/masterkusok/dns-tunnel-detector/job/heuristic/entropy.go:31.37,34.33 2 1
github.com/masterkusok/dns-tunnel-detector/job/heuristic/entropy.go:34.33,35.57 1 1
github.com/masterkusok/dns-tunnel-detector/job/heuristic/entropy.go:35.57,39.4 1 1
github.com/masterkusok/dns-tunnel-detector/job/heuristic/entropy.go:42.2,44.8 1 1
github.com/masterkusok/dns-tunnel-detector/job/heuristic/length.go:46.48,53.2 2 1
github.com/masterkusok/dns-tunnel-detector/job/heuristic/length.go:60.37,63.33 2 1
github.com/masterkusok/dns-tunnel-detector/job/heuristic/length.go:63.33,64.25 1 1
github.com/masterkusok/dns-tunnel-detector/job/heuristic/length.go:64.25,68.4 1 1
github.com/masterkusok/dns-tunnel-detector/job/heuristic/length.go:71.2,73.8 1 1
github.com/masterkusok/dns-tunnel-detector/job/heuristic/length.go:78.57,79.36 1 1
github.com/masterkusok/dns-tunnel-detector/job/heuristic/length.go:79.36,81.3 1 1
github.com/masterkusok/dns-tunnel-detector/job/heuristic/length.go:83.2,83.55 1 1
github.com/masterkusok/dns-tunnel-detector/job/heuristic/length.go:83.55,84.43 1 1
github.com/masterkusok/dns-tunnel-detector/job/heuristic/length.go:84.43,86.4 1 1
github.com/masterkusok/dns-tunnel-detector/job/heuristic/length.go:89.2,89.13 1 1
github.com/masterkusok/dns-tunnel-detector/internal/math/math.go:10.41,11.11 1 0
github.com/masterkusok/dns-tunnel-detector/internal/math/math.go:11.11,13.3 1 0
github.com/masterkusok/dns-tunnel-detector/internal/math/math.go:15.2,15.10 1 0
github.com/masterkusok/dns-tunnel-detector/internal/math/math.go:19.41,20.11 1 0
github.com/masterkusok/dns-tunnel-detector/internal/math/math.go:20.11,22.3 1 0
github.com/masterkusok/dns-tunnel-detector/internal/math/math.go:24.2,24.10 1 0
github.com/masterkusok/dns-tunnel-detector/internal/math/math.go:28.52,30.25 2 1
github.com/masterkusok/dns-tunnel-detector/internal/math/math.go:30.25,32.3 1 1
github.com/masterkusok/dns-tunnel-detector/internal/math/math.go:34.2,37.34 3 1
github.com/masterkusok/dns-tunnel-detector/internal/math/math.go:37.34,40.3 2 1
github.com/masterkusok/dns-tunnel-detector/internal/math/math.go:42.2,42.17 1 1
github.com/masterkusok/dns-tunnel-detector/job/statistic/cardinality.go:33.90,38.2 1 1
github.com/masterkusok/dns-tunnel-detector/job/statistic/cardinality.go:45.37,48.33 2 1
github.com/masterkusok/dns-tunnel-detector/job/statistic/cardinality.go:48.33,52.17 3 1
github.com/masterkusok/dns-tunnel-detector/job/statistic/cardinality.go:52.17,54.4 1 0
github.com/masterkusok/dns-tunnel-detector/job/statistic/cardinality.go:56.3,59.49 3 1
github.com/masterkusok/dns-tunnel-detector/job/statistic/cardinality.go:59.49,63.4 1 1
github.com/masterkusok/dns-tunnel-detector/job/statistic/cardinality.go:66.2,68.8 1 1
github.com/masterkusok/dns-tunnel-detector/job/statistic/counter.go:29.38,33.2 1 1
github.com/masterkusok/dns-tunnel-detector/job/statistic/counter.go:39.49,41.9 2 1
github.com/masterkusok/dns-tunnel-detector/job/statistic/counter.go:41.9,43.3 1 1
github.com/masterkusok/dns-tunnel-detector/job/statistic/counter.go:45.2,45.37 1 1
github.com/masterkusok/dns-tunnel-detector/job/statistic/counter.go:49.52,50.24 1 1
github.com/masterkusok/dns-tunnel-detector/job/statistic/counter.go:50.24,52.3 1 1
github.com/masterkusok/dns-tunnel-detector/job/statistic/counter.go:54.2,54.12 1 1
github.com/masterkusok/dns-tunnel-detector/job/statistic/counter.go:63.83,65.16 2 0
github.com/masterkusok/dns-tunnel-detector/job/statistic/counter.go:65.16,67.3 1 0
github.com/masterkusok/dns-tunnel-detector/job/statistic/counter.go:69.2,71.8 1 0
github.com/masterkusok/dns-tunnel-detector/job/statistic/counter.go:75.58,79.2 2 0
github.com/masterkusok/dns-tunnel-detector/job/statistic/counter.go:98.49,100.16 2 0
github.com/masterkusok/dns-tunnel-detector/job/statistic/counter.go:100.16,102.3 1 0
github.com/masterkusok/dns-tunnel-detector/job/statistic/counter.go:104.2,107.8 1 0
github.com/masterkusok/dns-tunnel-detector/job/statistic/counter.go:114.49,116.9 2 0
github.com/masterkusok/dns-tunnel-detector/job/statistic/counter.go:116.9,119.3 2 0
github.com/masterkusok/dns-tunnel-detector/job/statistic/counter.go:121.2,121.17 1 0
github.com/masterkusok/dns-tunnel-detector/job/statistic/counter.go:125.52,127.2 1 0
github.com/masterkusok/dns-tunnel-detector/internal/errors/errors.go:7.64,8.17 1 0
github.com/masterkusok/dns-tunnel-detector/internal/errors/errors.go:8.17,10.3 1 0
github.com/masterkusok/dns-tunnel-detector/internal/errors/errors.go:12.2,12.36 1 0
github.com/masterkusok/dns-tunnel-detector/internal/detectortest/interface.go:19.104,21.2 1 0
github.com/masterkusok/dns-tunnel-detector/internal/detectortest/interface.go:33.46,35.2 1 0
github.com/masterkusok/dns-tunnel-detector/internal/detectortest/interface.go:38.49,40.2 1 0
github.com/masterkusok/dns-tunnel-detector/internal/validate/validate.go:15.58,16.28 1 0
github.com/masterkusok/dns-tunnel-detector/internal/validate/validate.go:16.28,18.3 1 0
github.com/masterkusok/dns-tunnel-detector/internal/validate/validate.go:20.2,20.12 1 0
github.com/masterkusok/dns-tunnel-detector/internal/algorithm/hll.go:26.52,29.2 1 1
github.com/masterkusok/dns-tunnel-detector/internal/algorithm/hll.go:47.76,51.39 3 1
github.com/masterkusok/dns-tunnel-detector/internal/algorithm/hll.go:51.39,53.3 1 0
github.com/masterkusok/dns-tunnel-detector/internal/algorithm/hll.go:55.2,60.22 4 1
github.com/masterkusok/dns-tunnel-detector/internal/algorithm/hll.go:61.10,62.16 1 0
github.com/masterkusok/dns-tunnel-detector/internal/algorithm/hll.go:63.10,64.16 1 0
github.com/masterkusok/dns-tunnel-detector/internal/algorithm/hll.go:65.10,66.16 1 0
github.com/masterkusok/dns-tunnel-detector/internal/algorithm/hll.go:67.10,68.55 1 1
github.com/masterkusok/dns-tunnel-detector/internal/algorithm/hll.go:71.2,77.20 2 1
github.com/masterkusok/dns-tunnel-detector/internal/algorithm/hll.go:77.20,79.3 1 1
github.com/masterkusok/dns-tunnel-detector/internal/algorithm/hll.go:81.2,81.17 1 1
github.com/masterkusok/dns-tunnel-detector/internal/algorithm/hll.go:87.39,96.18 7 1
github.com/masterkusok/dns-tunnel-detector/internal/algorithm/hll.go:96.18,98.3 1 0
github.com/masterkusok/dns-tunnel-detector/internal/algorithm/hll.go:100.2,100.59 1 1
github.com/masterkusok/dns-tunnel-detector/internal/algorithm/hll.go:104.49,106.34 2 1
github.com/masterkusok/dns-tunnel-detector/internal/algorithm/hll.go:106.34,108.3 1 1
github.com/masterkusok/dns-tunnel-detector/internal/algorithm/hll.go:110.2,113.48 3 1
github.com/masterkusok/dns-tunnel-detector/internal/algorithm/hll.go:113.48,115.3 1 1
github.com/masterkusok/dns-tunnel-detector/internal/algorithm/hll.go:117.2,117.22 1 1
github.com/masterkusok/dns-tunnel-detector/internal/algorithm/hll.go:121.60,122.36 1 1
github.com/masterkusok/dns-tunnel-detector/internal/algorithm/hll.go:122.36,123.15 1 1
github.com/masterkusok/dns-tunnel-detector/internal/algorithm/hll.go:123.15,125.4 1 1
github.com/masterkusok/dns-tunnel-detector/internal/algorithm/hll.go:128.2,128.12 1 1
